#
# There is insufficient memory for the Java Runtime Environment to continue.
# Native memory allocation (mmap) failed to map 130023424 bytes. Error detail: G1 virtual space
# Possible reasons:
#   The system is out of physical RAM or swap space
#   This process is running with CompressedOops enabled, and the Java Heap may be blocking the growth of the native heap
# Possible solutions:
#   Reduce memory load on the system
#   Increase physical memory or swap space
#   Check if swap backing store is full
#   Decrease Java heap size (-Xmx/-Xms)
#   Decrease number of Java threads
#   Decrease Java thread stack sizes (-Xss)
#   Set larger code cache with -XX:ReservedCodeCacheSize=
#   JVM is running with Unscaled Compressed Oops mode in which the Java heap is
#     placed in the first 4GB address space. The Java Heap base address is the
#     maximum limit for the native heap growth. Please use -XX:HeapBaseMinAddress
#     to set the Java Heap base and to place the Java Heap above 4GB virtual address.
# This output file may be truncated or incomplete.
#
#  Out of Memory Error (os_windows.cpp:3564), pid=27956, tid=7412
#
# JRE version:  (24.0+36) (build )
# Java VM: Java HotSpot(TM) 64-Bit Server VM (24+36-3646, mixed mode, sharing, tiered, compressed oops, compressed class ptrs, g1 gc, windows-amd64)
# No core dump will be written. Minidumps are not enabled by default on client versions of Windows
#

---------------  S U M M A R Y ------------

Command Line: -Dfile.encoding=UTF-8 --module-path=C:\Users\ken\OneDrive\Documents\NetBeansProjects\NCH-INV-SYS\build\classes panelforms.loginSYSTEM

Host: 12th Gen Intel(R) Core(TM) i5-1235U, 12 cores, 7G,  Windows 11 , 64 bit Build 26100 (10.0.26100.3037)
Time: Sun Mar 23 18:06:35 2025 China Standard Time elapsed time: 2.038833 seconds (0d 0h 0m 2s)

---------------  T H R E A D  ---------------

Current thread (0x0000021383e4c3a0):  JavaThread "Unknown thread" [_thread_in_vm, id=7412, stack(0x000000dbb6000000,0x000000dbb6100000) (1024K)]

Stack: [0x000000dbb6000000,0x000000dbb6100000]
Native frames: (J=compiled Java code, j=interpreted, Vv=VM code, C=native code)
V  [jvm.dll+0x7308c9]  (no source info available)
V  [jvm.dll+0x8d9ca3]  (no source info available)
V  [jvm.dll+0x8dc13d]  (no source info available)
V  [jvm.dll+0x8dc7b3]  (no source info available)
V  [jvm.dll+0x2aa046]  (no source info available)
V  [jvm.dll+0x72cdf5]  (no source info available)
V  [jvm.dll+0x72091a]  (no source info available)
V  [jvm.dll+0x390d8a]  (no source info available)
V  [jvm.dll+0x398a96]  (no source info available)
V  [jvm.dll+0x3852de]  (no source info available)
V  [jvm.dll+0x385598]  (no source info available)
V  [jvm.dll+0x35d16c]  (no source info available)
V  [jvm.dll+0x35de2d]  (no source info available)
V  [jvm.dll+0x89d41f]  (no source info available)
V  [jvm.dll+0x3f98fd]  (no source info available)
V  [jvm.dll+0x885a76]  (no source info available)
V  [jvm.dll+0x49604e]  (no source info available)
V  [jvm.dll+0x497e21]  (no source info available)
C  [jli.dll+0x52a1]  (no source info available)
C  [ucrtbase.dll+0x37b0]  (no source info available)
C  [KERNEL32.DLL+0x2e8d7]  (no source info available)
C  [ntdll.dll+0xbbf2c]  (no source info available)

Lock stack of current Java thread (top to bottom):


---------------  P R O C E S S  ---------------

Threads class SMR info:
_java_thread_list=0x00007ff9b579f318, length=0, elements={
}

Java Threads: ( => current thread )
Total: 0

Other Threads:
  0x000002138629d680 WorkerThread "GC Thread#0"                     [id=26452, stack(0x000000dbb6100000,0x000000dbb6200000) (1024K)]
  0x00000213862b1a30 ConcurrentGCThread "G1 Main Marker"            [id=18912, stack(0x000000dbb6200000,0x000000dbb6300000) (1024K)]
  0x00000213862b23e0 WorkerThread "G1 Conc#0"                       [id=26840, stack(0x000000dbb6300000,0x000000dbb6400000) (1024K)]

[error occurred during error reporting (printing all threads), id 0xc0000005, EXCEPTION_ACCESS_VIOLATION (0xc0000005) at pc=0x00007ff9b4ed158a]
VM state: not at safepoint (not fully initialized)

VM Mutex/Monitor currently owned by a thread:  ([mutex/lock_event])
[0x00007ff9b58245c0] Heap_lock - owner thread: 0x0000021383e4c3a0

Heap address: 0x0000000084800000, size: 1976 MB, Compressed Oops mode: 32-bit

CDS archive(s) mapped at: [0x0000000000000000-0x0000000000000000-0x0000000000000000), size 0, SharedBaseAddress: 0x0000000800000000, ArchiveRelocationMode: 1.
UseCompressedClassPointers 1, UseCompactObjectHeaders 0
Narrow klass pointer bits 32, Max shift 3
Narrow klass base: 0xffffffffffffffff, Narrow klass shift: -1
Encoding Range: [0xffffffffffffffff - 0x000000007fffffff), (2147483648 bytes)
Klass Range:    [0x0000000000000000 - 0x0000000000000000), (0 bytes)
Klass ID Range:  [4294967295 - 0) (1)

GC Precious Log:
 CardTable entry size: 512
 Card Set container configuration: InlinePtr #cards 5 size 8 Array Of Cards #cards 10 size 36 Howl #buckets 4 coarsen threshold 1843 Howl Bitmap #cards 512 size 80 coarsen threshold 460 Card regions per heap region 1 cards per card region 2048

Heap:
 garbage-first heap   total reserved 2023424K, committed 0K, used 0K [0x0000000084800000, 0x0000000100000000)
  region size 1024K, 0 young (0K), 0 survivors (0K)

[error occurred during error reporting (printing heap information), id 0xc0000005, EXCEPTION_ACCESS_VIOLATION (0xc0000005) at pc=0x00007ff9b52ee579]
GC Heap History (0 events):
No events

Dll operation events (1 events):
Event: 0.012 Loaded shared library C:\Program Files\Java\jdk-24\bin\java.dll

Deoptimization events (0 events):
No events

Classes loaded (0 events):
No events

Classes unloaded (0 events):
No events

Classes redefined (0 events):
No events

Internal exceptions (0 events):
No events

VM Operations (0 events):
No events

Memory protections (0 events):
No events

Nmethod flushes (0 events):
No events

Events (0 events):
No events


Dynamic libraries:
0x00007ff6de2d0000 - 0x00007ff6de2e0000 	C:\Program Files\Java\jdk-24\bin\java.exe
0x00007ffa0ad20000 - 0x00007ffa0af83000 	C:\WINDOWS\SYSTEM32\ntdll.dll
0x00007ffa0a530000 - 0x00007ffa0a5f7000 	C:\WINDOWS\System32\KERNEL32.DLL
0x00007ffa08180000 - 0x00007ffa08547000 	C:\WINDOWS\System32\KERNELBASE.dll
0x00007ffa08730000 - 0x00007ffa0887c000 	C:\WINDOWS\System32\ucrtbase.dll
0x00007ff9f7e80000 - 0x00007ff9f7e96000 	C:\Program Files\Java\jdk-24\bin\jli.dll
0x00007ff9f7910000 - 0x00007ff9f792b000 	C:\Program Files\Java\jdk-24\bin\VCRUNTIME140.dll
0x00007ffa09fc0000 - 0x00007ffa0a189000 	C:\WINDOWS\System32\USER32.dll
0x00007ffa08b30000 - 0x00007ffa08b57000 	C:\WINDOWS\System32\win32u.dll
0x00007ffa0a770000 - 0x00007ffa0a79a000 	C:\WINDOWS\System32\GDI32.dll
0x00007ffa08880000 - 0x00007ffa089ab000 	C:\WINDOWS\System32\gdi32full.dll
0x00007ffa085e0000 - 0x00007ffa08683000 	C:\WINDOWS\System32\msvcp_win.dll
0x00007ff9edbb0000 - 0x00007ff9ede40000 	C:\WINDOWS\WinSxS\amd64_microsoft.windows.common-controls_6595b64144ccf1df_6.0.26100.3037_none_3e09262ce333c378\COMCTL32.dll
0x00007ffa0a2e0000 - 0x00007ffa0a389000 	C:\WINDOWS\System32\msvcrt.dll
0x00007ffa0aac0000 - 0x00007ffa0aaef000 	C:\WINDOWS\System32\IMM32.DLL
0x00007ff9f7e40000 - 0x00007ff9f7e4c000 	C:\Program Files\Java\jdk-24\bin\vcruntime140_1.dll
0x00007ff9ca710000 - 0x00007ff9ca79e000 	C:\Program Files\Java\jdk-24\bin\msvcp140.dll
0x00007ff9b4b60000 - 0x00007ff9b5902000 	C:\Program Files\Java\jdk-24\bin\server\jvm.dll
0x00007ffa09800000 - 0x00007ffa098b4000 	C:\WINDOWS\System32\ADVAPI32.dll
0x00007ffa09a50000 - 0x00007ffa09af6000 	C:\WINDOWS\System32\sechost.dll
0x00007ffa09ea0000 - 0x00007ffa09fb6000 	C:\WINDOWS\System32\RPCRT4.dll
0x00007ffa0a240000 - 0x00007ffa0a2b4000 	C:\WINDOWS\System32\WS2_32.dll
0x00007ffa07f70000 - 0x00007ffa07fbe000 	C:\WINDOWS\SYSTEM32\POWRPROF.dll
0x00007ffa04600000 - 0x00007ffa0460b000 	C:\WINDOWS\SYSTEM32\VERSION.dll
0x00007ffa03db0000 - 0x00007ffa03de6000 	C:\WINDOWS\SYSTEM32\WINMM.dll
0x00007ffa07f50000 - 0x00007ffa07f64000 	C:\WINDOWS\SYSTEM32\UMPDC.dll
0x00007ffa06ec0000 - 0x00007ffa06eda000 	C:\WINDOWS\SYSTEM32\kernel.appcore.dll
0x00007ff9f7cf0000 - 0x00007ff9f7cfa000 	C:\Program Files\Java\jdk-24\bin\jimage.dll
0x00007ffa058b0000 - 0x00007ffa05af1000 	C:\WINDOWS\SYSTEM32\DBGHELP.DLL
0x00007ffa09b10000 - 0x00007ffa09e8e000 	C:\WINDOWS\System32\combase.dll
0x00007ffa0a9e0000 - 0x00007ffa0aab6000 	C:\WINDOWS\System32\OLEAUT32.dll
0x00007ff9efb10000 - 0x00007ff9efb49000 	C:\WINDOWS\SYSTEM32\dbgcore.DLL
0x00007ffa08690000 - 0x00007ffa08729000 	C:\WINDOWS\System32\bcryptPrimitives.dll
0x00007ff9f75f0000 - 0x00007ff9f760e000 	C:\Program Files\Java\jdk-24\bin\java.dll
0x00007ffa0a390000 - 0x00007ffa0a525000 	C:\WINDOWS\System32\ole32.dll
0x00007ffa08b60000 - 0x00007ffa09264000 	C:\WINDOWS\System32\SHELL32.dll

dbghelp: loaded successfully - version: 4.0.5 - missing functions: none
symbol engine: initialized successfully - sym options: 0x614 - pdb path: .;C:\Program Files\Java\jdk-24\bin;C:\WINDOWS\SYSTEM32;C:\WINDOWS\WinSxS\amd64_microsoft.windows.common-controls_6595b64144ccf1df_6.0.26100.3037_none_3e09262ce333c378;C:\Program Files\Java\jdk-24\bin\server

VM Arguments:
jvm_args: -Dfile.encoding=UTF-8 --module-path=C:\Users\ken\OneDrive\Documents\NetBeansProjects\NCH-INV-SYS\build\classes 
java_command: panelforms.loginSYSTEM
java_class_path (initial): C:\Users\ken\OneDrive\Documents\NetBeansProjects\NCH-INV-SYS\build\classes
Launcher Type: SUN_STANDARD

[Global flags]
     intx CICompilerCount                          = 4                                         {product} {ergonomic}
     uint ConcGCThreads                            = 3                                         {product} {ergonomic}
     uint G1ConcRefinementThreads                  = 10                                        {product} {ergonomic}
   size_t G1HeapRegionSize                         = 1048576                                   {product} {ergonomic}
   size_t InitialHeapSize                          = 130023424                                 {product} {ergonomic}
   size_t MarkStackSize                            = 4194304                                   {product} {ergonomic}
   size_t MarkStackSizeMax                         = 536870912                                 {product} {ergonomic}
   size_t MaxHeapSize                              = 2071986176                                {product} {ergonomic}
   size_t MinHeapDeltaBytes                        = 1048576                                   {product} {ergonomic}
   size_t MinHeapSize                              = 8388608                                   {product} {ergonomic}
    uintx NonNMethodCodeHeapSize                   = 5832704                                {pd product} {ergonomic}
    uintx NonProfiledCodeHeapSize                  = 122945536                              {pd product} {ergonomic}
    uintx ProfiledCodeHeapSize                     = 122880000                              {pd product} {ergonomic}
    uintx ReservedCodeCacheSize                    = 251658240                              {pd product} {ergonomic}
     bool SegmentedCodeCache                       = true                                      {product} {ergonomic}
   size_t SoftMaxHeapSize                          = 2071986176                             {manageable} {ergonomic}
     bool UseCompressedOops                        = true                           {product lp64_product} {ergonomic}
     bool UseG1GC                                  = true                                      {product} {ergonomic}
     bool UseLargePagesIndividualAllocation        = false                                  {pd product} {ergonomic}

Logging:
Log output configuration:
 #0: stdout all=warning uptime,level,tags foldmultilines=false
 #1: stderr all=off uptime,level,tags foldmultilines=false

Environment Variables:
PATH=C:\Program Files\Common Files\Oracle\Java\javapath;C:\WINDOWS\system32;C:\WINDOWS;C:\WINDOWS\System32\Wbem;C:\WINDOWS\System32\WindowsPowerShell\v1.0\;C:\WINDOWS\System32\OpenSSH\;C:\Program Files\Java\jdk-24\bin;C:\Users\ken\AppData\Local\Microsoft\WindowsApps;C:\Users\ken\AppData\Local\Programs\Microsoft VS Code\bin
USERNAME=ken
OS=Windows_NT
PROCESSOR_IDENTIFIER=Intel64 Family 6 Model 154 Stepping 4, GenuineIntel
TMP=C:\Users\ken\AppData\Local\Temp
TEMP=C:\Users\ken\AppData\Local\Temp




Periodic native trim disabled

---------------  S Y S T E M  ---------------

OS:
 Windows 11 , 64 bit Build 26100 (10.0.26100.3037)
OS uptime: 23 days 4:04 hours
Hyper-V role detected

CPU: total 12 (initial active 12) (6 cores per cpu, 2 threads per core) family 6 model 154 stepping 4 microcode 0x41b, cx8, cmov, fxsr, ht, mmx, 3dnowpref, sse, sse2, sse3, ssse3, sse4.1, sse4.2, popcnt, lzcnt, tsc, tscinvbit, avx, avx2, aes, erms, clmul, bmi1, bmi2, adx, sha, fma, vzeroupper, clflush, clflushopt, clwb, hv, serialize, rdtscp, rdpid, fsrm, gfni, f16c, cet_ibt, cet_ss
Processor Information for processor 0
  Max Mhz: 1300, Current Mhz: 1300, Mhz Limit: 1300
Processor Information for processor 1
  Max Mhz: 1300, Current Mhz: 1300, Mhz Limit: 1300
Processor Information for processor 2
  Max Mhz: 1300, Current Mhz: 1300, Mhz Limit: 1300
Processor Information for processor 3
  Max Mhz: 1300, Current Mhz: 1300, Mhz Limit: 1300
Processor Information for processor 4
  Max Mhz: 1300, Current Mhz: 900, Mhz Limit: 897
Processor Information for processor 5
  Max Mhz: 1300, Current Mhz: 900, Mhz Limit: 897
Processor Information for processor 6
  Max Mhz: 1300, Current Mhz: 900, Mhz Limit: 897
Processor Information for processor 7
  Max Mhz: 1300, Current Mhz: 900, Mhz Limit: 897
Processor Information for processor 8
  Max Mhz: 1300, Current Mhz: 900, Mhz Limit: 897
Processor Information for processor 9
  Max Mhz: 1300, Current Mhz: 900, Mhz Limit: 897
Processor Information for processor 10
  Max Mhz: 1300, Current Mhz: 900, Mhz Limit: 897
Processor Information for processor 11
  Max Mhz: 1300, Current Mhz: 900, Mhz Limit: 897

Memory: 4k page, system-wide physical 7896M (614M free)
TotalPageFile size 32472M (AvailPageFile size 88M)
current process WorkingSet (physical memory assigned to process): 13M, peak: 13M
current process commit charge ("private bytes"): 64M, peak: 188M

vm_info: Java HotSpot(TM) 64-Bit Server VM (24+36-3646) for windows-amd64 JRE (24+36-3646), built on 2025-02-06T00:20:43Z with MS VC++ 17.6 (VS2022)

END.
